[2020-05-07 22:31:55.194] [INFO] Test Explorer found
[2020-05-07 22:31:55.195] [INFO] Creating adapter for /Users/murdock/lab/misc/atados-ovp
[2020-05-07 22:31:55.195] [INFO] Initializing Jest adapter
[2020-05-07 22:31:55.195] [INFO] Registering adapter for /Users/murdock/lab/misc/atados-ovp
[2020-05-07 22:31:55.196] [INFO] Loading Jest tests
[2020-05-07 22:31:55.205] [INFO] Initialization finished
